<?xml version="1.0" encoding="UTF-8"?>
<TestRun id="5e151032-100c-46d8-aadd-a19495df9e89" name="edo@PC-EDOFISSO 2011-06-04 17:54:25" runUser="PC-edoFisso\edo" xmlns="http://microsoft.com/schemas/VisualStudio/TeamTest/2010">
  <TestSettings name="Local" id="de5e3805-0cc0-422f-a5a6-65fabe060865">
    <Description>These are default test settings for a local test run.</Description>
    <Deployment enabled="false" runDeploymentRoot="edo_PC-EDOFISSO 2011-06-04 17_54_25">
      <DeploymentItem filename="D:\Siti, sw mio\Soggiorni\codice fiscale\MyCodiceFiscale\CFcalculator\bin\Debug\CFcalculator.dll" />
    </Deployment>
    <Execution>
      <TestTypeSpecific />
      <AgentRule name="Execution Agents">
      </AgentRule>
    </Execution>
  </TestSettings>
  <Times creation="2011-06-04T17:54:25.5973441+02:00" queuing="2011-06-04T17:54:29.1685483+02:00" start="2011-06-04T17:54:29.3115565+02:00" finish="2011-06-04T17:54:30.9416497+02:00" />
  <ResultSummary outcome="Completed">
    <Counters total="6" executed="6" passed="6" error="0" failed="0" timeout="0" aborted="0" inconclusive="0" passedButRunAborted="0" notRunnable="0" notExecuted="0" disconnected="0" warning="0" completed="0" inProgress="0" pending="0" />
  </ResultSummary>
  <TestDefinitions>
    <UnitTest name="estraiCognomeTest" storage="d:\siti, sw mio\soggiorni\codice fiscale\mycodicefiscale\mycodicefiscale\testcodicefiscale\bin\debug\testcodicefiscale.dll" id="2e092de9-94b5-7faf-d4b6-f242d41152af">
      <Execution id="18c633a5-16f8-4478-9234-ea5783e3b18b" />
      <TestMethod codeBase="D:/Siti, sw mio/Soggiorni/codice fiscale/MyCodiceFiscale/MyCodiceFiscale/TestCodiceFiscale/bin/Debug/TestCodiceFiscale.DLL" adapterTypeName="Microsoft.VisualStudio.TestTools.TestTypes.Unit.UnitTestAdapter, Microsoft.VisualStudio.QualityTools.Tips.UnitTest.Adapter, Version=10.0.0.0, Culture=neutral, PublicKeyToken=b03f5f7f11d50a3a" className="TestCodiceFiscale.TestCFCalculator, TestCodiceFiscale, Version=1.0.0.0, Culture=neutral, PublicKeyToken=null" name="estraiCognomeTest" />
    </UnitTest>
    <UnitTest name="estraiNomeTest" storage="d:\siti, sw mio\soggiorni\codice fiscale\mycodicefiscale\mycodicefiscale\testcodicefiscale\bin\debug\testcodicefiscale.dll" id="75466c70-424e-1fa9-53af-f5a46aebbdc9">
      <Execution id="9301d092-0e03-46c2-bb54-db04538256ac" />
      <TestMethod codeBase="D:/Siti, sw mio/Soggiorni/codice fiscale/MyCodiceFiscale/MyCodiceFiscale/TestCodiceFiscale/bin/Debug/TestCodiceFiscale.DLL" adapterTypeName="Microsoft.VisualStudio.TestTools.TestTypes.Unit.UnitTestAdapter, Microsoft.VisualStudio.QualityTools.Tips.UnitTest.Adapter, Version=10.0.0.0, Culture=neutral, PublicKeyToken=b03f5f7f11d50a3a" className="TestCodiceFiscale.TestCFCalculator, TestCodiceFiscale, Version=1.0.0.0, Culture=neutral, PublicKeyToken=null" name="estraiNomeTest" />
    </UnitTest>
    <UnitTest name="estraiMeseTest" storage="d:\siti, sw mio\soggiorni\codice fiscale\mycodicefiscale\mycodicefiscale\testcodicefiscale\bin\debug\testcodicefiscale.dll" id="fb9b5ef0-ee90-b294-a2d3-50aa695dffc0">
      <Execution id="e9aee869-9f7b-4ef9-a2c1-4c249755cc4e" />
      <TestMethod codeBase="D:/Siti, sw mio/Soggiorni/codice fiscale/MyCodiceFiscale/MyCodiceFiscale/TestCodiceFiscale/bin/Debug/TestCodiceFiscale.DLL" adapterTypeName="Microsoft.VisualStudio.TestTools.TestTypes.Unit.UnitTestAdapter, Microsoft.VisualStudio.QualityTools.Tips.UnitTest.Adapter, Version=10.0.0.0, Culture=neutral, PublicKeyToken=b03f5f7f11d50a3a" className="TestCodiceFiscale.TestCFCalculator, TestCodiceFiscale, Version=1.0.0.0, Culture=neutral, PublicKeyToken=null" name="estraiMeseTest" />
    </UnitTest>
    <UnitTest name="getCodiceFiscaleTest" storage="d:\siti, sw mio\soggiorni\codice fiscale\mycodicefiscale\mycodicefiscale\testcodicefiscale\bin\debug\testcodicefiscale.dll" id="ecf8fecb-b75d-22ea-1a6c-b7ce73f76f8f">
      <Execution id="285cefd1-5aef-4865-a103-f4b706f36db7" />
      <TestMethod codeBase="D:/Siti, sw mio/Soggiorni/codice fiscale/MyCodiceFiscale/MyCodiceFiscale/TestCodiceFiscale/bin/Debug/TestCodiceFiscale.DLL" adapterTypeName="Microsoft.VisualStudio.TestTools.TestTypes.Unit.UnitTestAdapter, Microsoft.VisualStudio.QualityTools.Tips.UnitTest.Adapter, Version=10.0.0.0, Culture=neutral, PublicKeyToken=b03f5f7f11d50a3a" className="TestCodiceFiscale.TestCFCalculator, TestCodiceFiscale, Version=1.0.0.0, Culture=neutral, PublicKeyToken=null" name="getCodiceFiscaleTest" />
    </UnitTest>
    <UnitTest name="estraiAnnoTest" storage="d:\siti, sw mio\soggiorni\codice fiscale\mycodicefiscale\mycodicefiscale\testcodicefiscale\bin\debug\testcodicefiscale.dll" id="92482e6c-3a8f-bcda-9a2d-133e93714e38">
      <Execution id="1e1d7a72-4636-43e7-b4b5-c00175ef3594" />
      <TestMethod codeBase="D:/Siti, sw mio/Soggiorni/codice fiscale/MyCodiceFiscale/MyCodiceFiscale/TestCodiceFiscale/bin/Debug/TestCodiceFiscale.DLL" adapterTypeName="Microsoft.VisualStudio.TestTools.TestTypes.Unit.UnitTestAdapter, Microsoft.VisualStudio.QualityTools.Tips.UnitTest.Adapter, Version=10.0.0.0, Culture=neutral, PublicKeyToken=b03f5f7f11d50a3a" className="TestCodiceFiscale.TestCFCalculator, TestCodiceFiscale, Version=1.0.0.0, Culture=neutral, PublicKeyToken=null" name="estraiAnnoTest" />
    </UnitTest>
    <UnitTest name="estraiGiornoTest" storage="d:\siti, sw mio\soggiorni\codice fiscale\mycodicefiscale\mycodicefiscale\testcodicefiscale\bin\debug\testcodicefiscale.dll" id="fab3d956-958d-2814-bab7-11a10a558310">
      <Execution id="9d8600df-ef45-4d2b-87e7-f2f5124676ae" />
      <TestMethod codeBase="D:/Siti, sw mio/Soggiorni/codice fiscale/MyCodiceFiscale/MyCodiceFiscale/TestCodiceFiscale/bin/Debug/TestCodiceFiscale.DLL" adapterTypeName="Microsoft.VisualStudio.TestTools.TestTypes.Unit.UnitTestAdapter, Microsoft.VisualStudio.QualityTools.Tips.UnitTest.Adapter, Version=10.0.0.0, Culture=neutral, PublicKeyToken=b03f5f7f11d50a3a" className="TestCodiceFiscale.TestCFCalculator, TestCodiceFiscale, Version=1.0.0.0, Culture=neutral, PublicKeyToken=null" name="estraiGiornoTest" />
    </UnitTest>
  </TestDefinitions>
  <TestLists>
    <TestList name="Results Not in a List" id="8c84fa94-04c1-424b-9868-57a2d4851a1d" />
    <TestList name="All Loaded Results" id="19431567-8539-422a-85d7-44ee4e166bda" />
  </TestLists>
  <TestEntries>
    <TestEntry testId="2e092de9-94b5-7faf-d4b6-f242d41152af" executionId="18c633a5-16f8-4478-9234-ea5783e3b18b" testListId="8c84fa94-04c1-424b-9868-57a2d4851a1d" />
    <TestEntry testId="75466c70-424e-1fa9-53af-f5a46aebbdc9" executionId="9301d092-0e03-46c2-bb54-db04538256ac" testListId="8c84fa94-04c1-424b-9868-57a2d4851a1d" />
    <TestEntry testId="92482e6c-3a8f-bcda-9a2d-133e93714e38" executionId="1e1d7a72-4636-43e7-b4b5-c00175ef3594" testListId="8c84fa94-04c1-424b-9868-57a2d4851a1d" />
    <TestEntry testId="ecf8fecb-b75d-22ea-1a6c-b7ce73f76f8f" executionId="285cefd1-5aef-4865-a103-f4b706f36db7" testListId="8c84fa94-04c1-424b-9868-57a2d4851a1d" />
    <TestEntry testId="fab3d956-958d-2814-bab7-11a10a558310" executionId="9d8600df-ef45-4d2b-87e7-f2f5124676ae" testListId="8c84fa94-04c1-424b-9868-57a2d4851a1d" />
    <TestEntry testId="fb9b5ef0-ee90-b294-a2d3-50aa695dffc0" executionId="e9aee869-9f7b-4ef9-a2c1-4c249755cc4e" testListId="8c84fa94-04c1-424b-9868-57a2d4851a1d" />
  </TestEntries>
  <Results>
    <UnitTestResult executionId="18c633a5-16f8-4478-9234-ea5783e3b18b" testId="2e092de9-94b5-7faf-d4b6-f242d41152af" testName="estraiCognomeTest" computerName="PC-EDOFISSO" duration="00:00:00.0244268" startTime="2011-06-04T17:54:29.4485643+02:00" endTime="2011-06-04T17:54:29.9275917+02:00" testType="13cdc9d9-ddb5-4fa4-a97d-d965ccfc6d4b" outcome="Passed" testListId="8c84fa94-04c1-424b-9868-57a2d4851a1d" relativeResultsDirectory="18c633a5-16f8-4478-9234-ea5783e3b18b">
    </UnitTestResult>
    <UnitTestResult executionId="9301d092-0e03-46c2-bb54-db04538256ac" testId="75466c70-424e-1fa9-53af-f5a46aebbdc9" testName="estraiNomeTest" computerName="PC-EDOFISSO" duration="00:00:00.0020361" startTime="2011-06-04T17:54:29.9305919+02:00" endTime="2011-06-04T17:54:29.9385924+02:00" testType="13cdc9d9-ddb5-4fa4-a97d-d965ccfc6d4b" outcome="Passed" testListId="8c84fa94-04c1-424b-9868-57a2d4851a1d" relativeResultsDirectory="9301d092-0e03-46c2-bb54-db04538256ac">
    </UnitTestResult>
    <UnitTestResult executionId="1e1d7a72-4636-43e7-b4b5-c00175ef3594" testId="92482e6c-3a8f-bcda-9a2d-133e93714e38" testName="estraiAnnoTest" computerName="PC-EDOFISSO" duration="00:00:00.0004804" startTime="2011-06-04T17:54:29.9405925+02:00" endTime="2011-06-04T17:54:29.9465928+02:00" testType="13cdc9d9-ddb5-4fa4-a97d-d965ccfc6d4b" outcome="Passed" testListId="8c84fa94-04c1-424b-9868-57a2d4851a1d" relativeResultsDirectory="1e1d7a72-4636-43e7-b4b5-c00175ef3594">
    </UnitTestResult>
    <UnitTestResult executionId="285cefd1-5aef-4865-a103-f4b706f36db7" testId="ecf8fecb-b75d-22ea-1a6c-b7ce73f76f8f" testName="getCodiceFiscaleTest" computerName="PC-EDOFISSO" duration="00:00:00.8359533" startTime="2011-06-04T17:54:29.9505931+02:00" endTime="2011-06-04T17:54:30.7906411+02:00" testType="13cdc9d9-ddb5-4fa4-a97d-d965ccfc6d4b" outcome="Passed" testListId="8c84fa94-04c1-424b-9868-57a2d4851a1d" relativeResultsDirectory="285cefd1-5aef-4865-a103-f4b706f36db7">
    </UnitTestResult>
    <UnitTestResult executionId="9d8600df-ef45-4d2b-87e7-f2f5124676ae" testId="fab3d956-958d-2814-bab7-11a10a558310" testName="estraiGiornoTest" computerName="PC-EDOFISSO" duration="00:00:00.0012004" startTime="2011-06-04T17:54:30.7976415+02:00" endTime="2011-06-04T17:54:30.8166426+02:00" testType="13cdc9d9-ddb5-4fa4-a97d-d965ccfc6d4b" outcome="Passed" testListId="8c84fa94-04c1-424b-9868-57a2d4851a1d" relativeResultsDirectory="9d8600df-ef45-4d2b-87e7-f2f5124676ae">
    </UnitTestResult>
    <UnitTestResult executionId="e9aee869-9f7b-4ef9-a2c1-4c249755cc4e" testId="fb9b5ef0-ee90-b294-a2d3-50aa695dffc0" testName="estraiMeseTest" computerName="PC-EDOFISSO" duration="00:00:00.0002951" startTime="2011-06-04T17:54:30.8206428+02:00" endTime="2011-06-04T17:54:30.8246431+02:00" testType="13cdc9d9-ddb5-4fa4-a97d-d965ccfc6d4b" outcome="Passed" testListId="8c84fa94-04c1-424b-9868-57a2d4851a1d" relativeResultsDirectory="e9aee869-9f7b-4ef9-a2c1-4c249755cc4e">
    </UnitTestResult>
  </Results>
</TestRun>